09:44:21 **** Incremental Build of configuration Debug for project 04_task_priorities ****
make -j8 all 
arm-none-eabi-gcc "../Core/Src/main.c" -mcpu=cortex-m4 -std=gnu11 -g3 -DDEBUG -DUSE_HAL_DRIVER -DSTM32L476xx -c -I../Core/Inc -I../Drivers/STM32L4xx_HAL_Driver/Inc -I../Drivers/STM32L4xx_HAL_Driver/Inc/Legacy -I../Drivers/CMSIS/Device/ST/STM32L4xx/Include -I../Drivers/CMSIS/Include -I../Middlewares/Third_Party/FreeRTOS/Source/include -I../Middlewares/Third_Party/FreeRTOS/Source/CMSIS_RTOS_V2 -I../Middlewares/Third_Party/FreeRTOS/Source/portable/GCC/ARM_CM4F -O0 -ffunction-sections -fdata-sections -Wall -fstack-usage -MMD -MP -MF"Core/Src/main.d" -MT"Core/Src/main.o" --specs=nano.specs -mfpu=fpv4-sp-d16 -mfloat-abi=hard -mthumb -o "Core/Src/main.o"
arm-none-eabi-gcc -o "04_task_priorities.elf" @"objects.list"   -mcpu=cortex-m4 -T"/home/avi/STM32CubeIDE/workspace_1.11.0/04_task_priorities/STM32L476RGTX_FLASH.ld" --specs=nosys.specs -Wl,-Map="04_task_priorities.map" -Wl,--gc-sections -static --specs=nano.specs -mfpu=fpv4-sp-d16 -mfloat-abi=hard -mthumb -Wl,--start-group -lc -lm -Wl,--end-group
Finished building target: 04_task_priorities.elf
 
arm-none-eabi-size   04_task_priorities.elf 
arm-none-eabi-objdump -h -S  04_task_priorities.elf  > "04_task_priorities.list"
   text	   data	    bss	    dec	    hex	filename
  24220	     20	   8196	  32436	   7eb4	04_task_priorities.elf
Finished building: default.size.stdout
 
Finished building: 04_task_priorities.list
 

09:44:22 Build Finished. 0 errors, 0 warnings. (took 374ms)

